[2026-09-02 14:53:48.046362] |==============================================================================|
[2026-09-02 14:53:48.046761] |=========                      OpenRAM v1.2.49                       =========|
[2026-09-02 14:53:48.046903] |=========                                                            =========|
[2026-09-02 14:53:48.046991] |=========               VLSI Design and Automation Lab               =========|
[2026-09-02 14:53:48.047060] |=========        Computer Science and Engineering Department         =========|
[2026-09-02 14:53:48.047123] |=========            University of California Santa Cruz             =========|
[2026-09-02 14:53:48.047204] |=========                                                            =========|
[2026-09-02 14:53:48.047264] |=========          Usage help: openram-user-group@ucsc.edu           =========|
[2026-09-02 14:53:48.047323] |=========        Development help: openram-dev-group@ucsc.edu        =========|
[2026-09-02 14:53:48.047382] |=========                See LICENSE for license info                =========|
[2026-09-02 14:53:48.047441] |==============================================================================|
[2026-09-02 14:53:48.047518] ** Start: 09/02/2026 14:53:48
[2026-09-02 14:53:48.047583] Technology: tsmc65N
[2026-09-02 14:53:48.047647] Total size: 64 bits
[2026-09-02 14:53:48.047708] Word size: 4
Words: 16
Banks: 1
[2026-09-02 14:53:48.047777] RW ports: 1
R-only ports: 0
W-only ports: 0
[2026-09-02 14:53:48.047875] DRC/LVS/PEX is only run on the top-level design to save run-time (inline_lvsdrc=True to do inline checking).
[2026-09-02 14:53:48.047944] DRC/LVS/PEX is disabled (check_lvsdrc=True to enable).
[2026-09-02 14:53:48.048006] Characterization is disabled (using analytical delay models) (analytical_delay=False to simulate).
[2026-09-02 14:53:48.048069] Words per row: None
[2026-09-02 14:53:48.048141] Output files are: 
[2026-09-02 14:53:48.048201] /home/odutra/OpenRAM/output/sram_8b_16_1rw_tsmc65N.lvs
[2026-09-02 14:53:48.048261] /home/odutra/OpenRAM/output/sram_8b_16_1rw_tsmc65N.sp
[2026-09-02 14:53:48.048320] /home/odutra/OpenRAM/output/sram_8b_16_1rw_tsmc65N.v
[2026-09-02 14:53:48.048378] /home/odutra/OpenRAM/output/sram_8b_16_1rw_tsmc65N.lib
[2026-09-02 14:53:48.048435] /home/odutra/OpenRAM/output/sram_8b_16_1rw_tsmc65N.py
[2026-09-02 14:53:48.048492] /home/odutra/OpenRAM/output/sram_8b_16_1rw_tsmc65N.html
[2026-09-02 14:53:48.048550] /home/odutra/OpenRAM/output/sram_8b_16_1rw_tsmc65N.log
[2026-09-02 14:53:48.048608] /home/odutra/OpenRAM/output/sram_8b_16_1rw_tsmc65N.lef
[2026-09-02 14:53:48.048665] /home/odutra/OpenRAM/output/sram_8b_16_1rw_tsmc65N.gds
[2026-09-02 14:53:48.725396] ** Submodules: 0.7 seconds
[2026-09-02 14:53:48.731195] ** Placement: 0.0 seconds
[2026-09-02 14:54:08.953971] ** Routing: 20.2 seconds
[2026-09-02 14:54:08.959626] ** Verification: 0.0 seconds
[2026-09-02 14:54:08.959757] ** SRAM creation: 20.9 seconds
[2026-09-02 14:54:08.959878] SP: Writing to /home/odutra/OpenRAM/output/sram_8b_16_1rw_tsmc65N.sp
[2026-09-02 14:54:08.987876] ** Spice writing: 0.0 seconds
[2026-09-02 14:54:08.987980] DELAY: Writing stimulus...
[2026-09-02 14:54:09.066343] ** DELAY: 0.1 seconds
[2026-09-02 14:54:09.075349] GDS: Writing to /home/odutra/OpenRAM/output/sram_8b_16_1rw_tsmc65N.gds
[2026-09-02 14:54:09.130628] ** GDS: 0.1 seconds
[2026-09-02 14:54:09.130781] LEF: Writing to /home/odutra/OpenRAM/output/sram_8b_16_1rw_tsmc65N.lef
[2026-09-02 14:54:09.136514] ** LEF: 0.0 seconds
[2026-09-02 14:54:09.136618] LVS: Writing to /home/odutra/OpenRAM/output/sram_8b_16_1rw_tsmc65N.lvs.sp
[2026-09-02 14:54:09.146056] ** LVS writing: 0.0 seconds
[2026-09-02 14:54:09.146174] LIB: Characterizing... 
